C51 COMPILER V9.03   HEAD                                                                  05/10/2013 13:13:52 PAGE 1   


C51 COMPILER V9.03, COMPILATION OF MODULE HEAD
OBJECT MODULE PLACED IN head.OBJ
COMPILER INVOKED BY: C:\Keil\C51\BIN\C51.EXE head.c BROWSE DEBUG OBJECTEXTEND

line level    source

   1                                                                            #include<reg51.h>
   2          sbit ba=P1^0;
   3          sbit ab=P1^1;
   4          sbit ga=P1^2;
   5          sbit gr=P1^3;
   6          sbit left=P1^4;
   7          sbit right=P1^5;
   8          sbit cl=P1^6;
   9          sbit acl=P1^7;     
  10          
  11          
  12          sbit ba0=P3^0;
  13          sbit ba1=P3^1;
  14          sbit ba2=P3^2;
  15          sbit ba3=P3^3;                                                     
  16          
  17          
  18          sbit ga0=P3^4;
  19          sbit ga1=P3^5;
  20          sbit ga2=P3^6;
  21          sbit ga3=P3^7;
  22          
  23          sbit gr0=P0^0;
  24          sbit gr1=P0^1;
  25          sbit gr2=P0^2;
  26          sbit gr3=P0^3;
  27          
  28          
  29          sbit ab0=P0^4;
  30          sbit ab1=P0^5;
  31          sbit ab2=P0^6;
  32          sbit ab3=P0^7;  
  33          
  34          /*void delayms(unsigned int i)
  35          {
  36           int c=0;
  37           while(c<i)
  38           {
  39            TMOD=0x01;
  40            TH0=0xFC;
  41            TL0=0x66;
  42            TR0=1;
  43            while(!TF0);
  44            TR0=0;
  45            TL0=0;
  46            c++;
  47           }
  48          
  49          }                                                                         
  50          */
  51          
  52          
  53          
  54                                  void main()
  55                                  {
C51 COMPILER V9.03   HEAD                                                                  05/10/2013 13:13:52 PAGE 2   

  56   1                      P0=0x00;
  57   1                      P1=0x00;
  58   1                      P2=0x00;
  59   1                      P3=0x00;
  60   1      
  61   1                        ba=1;
  62   1                        ab=1;
  63   1                        ga=1;
  64   1                        gr=1;
  65   1                        left=1;
  66   1                        right=1;
  67   1                        cl=1;
  68   1                        acl=1;
  69   1      
  70   1                      ba0=1;
  71   1                      ba1=1;
  72   1                      ba2=1;
  73   1                      ba3=1;
  74   1      
  75   1                 ga0=1;
  76   1                 ga1=1;
  77   1                      ga2=1;
  78   1                      ga3=1;
  79   1      
  80   1                      gr0=1;
  81   1                  gr1=1;
  82   1                      gr2=1;
  83   1                      gr3=1;
  84   1      
  85   1                      ab0=1;
  86   1                      ab1=1;
  87   1                      ab2=1;
  88   1                      ab3=1;
  89   1      
  90   1                        ba=0;
  91   1                        ab=0;
  92   1                        ga=0;
  93   1                        gr=0;
  94   1                        left=0;
  95   1                        right=0;
  96   1                        cl=0;
  97   1                        acl=0;
  98   1      
  99   1                      ba0=0;
 100   1                      ba1=0;
 101   1                      ba2=0;
 102   1                      ba3=0;
 103   1      
 104   1                 ga0=0;
 105   1                 ga1=0;
 106   1                      ga2=0;
 107   1                      ga3=0;
 108   1      
 109   1                      gr0=0;
 110   1                  gr1=0;
 111   1                      gr2=0;
 112   1                      gr3=0;
 113   1      
 114   1                      ab0=0;
 115   1                      ab1=0;
 116   1                      ab2=0;
 117   1                      ab3=0;
C51 COMPILER V9.03   HEAD                                                                  05/10/2013 13:13:52 PAGE 3   

 118   1      
 119   1      
 120   1      while(1)
 121   1      {
 122   2      if((ba==1)&&(cl==1)&&(acl==0))/////////////base arm 
 123   2      {
 124   3      ba0=0;
 125   3      ba1=1;
 126   3      ba2=0;
 127   3      ba3=1;
 128   3      }       
 129   2      
 130   2      else if((ba==1)&&(cl==0)&&(acl==1))
 131   2      {
 132   3      ba0=1;
 133   3      ba1=0;
 134   3      ba2=1;
 135   3      ba3=0;
 136   3      }       
 137   2      
 138   2      else if((ba==1)&&(cl==1)&&(acl==1))
 139   2      {
 140   3      ba0=1;
 141   3      ba1=1;
 142   3      ba2=1;
 143   3      ba3=1;
 144   3      }       
 145   2      
 146   2      else if((ba==1)&&(cl==0)&&(acl==0))
 147   2      {
 148   3      
 149   3      ba0=0;
 150   3      ba1=0;
 151   3      ba2=0;
 152   3      ba3=0;
 153   3      
 154   3      }
 155   2      
 156   2      else if(ba==0)
 157   2      {
 158   3      
 159   3      ba0=0;
 160   3      ba1=1;
 161   3      ba2=1;
 162   3      ba3=0;
 163   3      
 164   3      }               
 165   2                                                      //base arm
 166   2      
 167   2      
 168   2      
 169   2      
 170   2      if((ga==1)&&(cl==1)&&(acl==0))/////////////grabber arm arm 
 171   2      {
 172   3      ga0=0;
 173   3      ga1=1;
 174   3      ga2=0;
 175   3      ga3=1;
 176   3      }       
 177   2      
 178   2      else if((ga==1)&&(cl==0)&&(acl==1))
 179   2      {
C51 COMPILER V9.03   HEAD                                                                  05/10/2013 13:13:52 PAGE 4   

 180   3      ga0=1;
 181   3      ga1=0;
 182   3      ga2=1;
 183   3      ga3=0;
 184   3      }       
 185   2      
 186   2      else if((ga==1)&&(cl==1)&&(acl==1))
 187   2      {
 188   3      ga0=1;
 189   3      ga1=1;
 190   3      ga2=1;
 191   3      ga3=1;
 192   3      }       
 193   2      
 194   2      else if((ga==1)&&(cl==0)&&(acl==0))
 195   2      {
 196   3      
 197   3      ga0=0;
 198   3      ga1=1;
 199   3      ga2=1;
 200   3      ga3=0;
 201   3      
 202   3      }
 203   2      
 204   2      else if(ga==0)
 205   2      {
 206   3      
 207   3      ga0=0;
 208   3      ga1=0;
 209   3      ga2=0;
 210   3      ga3=0;
 211   3      
 212   3      }                                                                 ///grabber arm
 213   2      
 214   2      
 215   2      if((gr==1)&&(cl==1)&&(acl==0))/////////////grabber 
 216   2      {
 217   3      gr0=0;
 218   3      gr1=1;
 219   3      gr2=0;
 220   3      gr3=1;
 221   3      }       
 222   2      
 223   2      else if((gr==1)&&(cl==0)&&(acl==1))
 224   2      {
 225   3      gr0=1;
 226   3      gr1=0;
 227   3      gr2=1;
 228   3      gr3=0;
 229   3      }       
 230   2      
 231   2      else if((gr==1)&&(cl==1)&&(acl==1))
 232   2      {
 233   3      gr0=1;
 234   3      gr1=1;
 235   3      gr2=1;
 236   3      gr3=1;
 237   3      }       
 238   2      
 239   2      else if((gr==1)&&(cl==0)&&(acl==0))
 240   2      {
 241   3      
C51 COMPILER V9.03   HEAD                                                                  05/10/2013 13:13:52 PAGE 5   

 242   3      gr0=0;
 243   3      gr1=0;
 244   3      gr2=0;
 245   3      gr3=0;
 246   3      
 247   3      }
 248   2      
 249   2      else if(gr==0)
 250   2      {
 251   3      
 252   3      gr0=0;
 253   3      gr1=0;
 254   3      gr2=0;
 255   3      gr3=0;
 256   3      
 257   3      }                                                                 ///grabber 
 258   2      
 259   2      
 260   2      if((ab==1)&&(cl==1)&&(acl==0))/////////////arm base 
 261   2      {
 262   3      ab0=0;
 263   3      ab1=1;
 264   3      ab2=0;
 265   3      ab3=1;
 266   3      }       
 267   2      
 268   2      else if((ab==1)&&(cl==0)&&(acl==1))
 269   2      {
 270   3      ab0=1;
 271   3      ab1=0;
 272   3      ab2=1;
 273   3      ab3=0;
 274   3      }       
 275   2      
 276   2      else if((ab==1)&&(cl==1)&&(acl==1))
 277   2      {
 278   3      ab0=1;
 279   3      ab1=1;
 280   3      ab2=1;
 281   3      ab3=1;
 282   3      }       
 283   2      
 284   2      else if((ab==1)&&(cl==0)&&(acl==0))
 285   2      {
 286   3      
 287   3      ab0=0;
 288   3      ab1=0;
 289   3      ab2=0;
 290   3      ab3=0;
 291   3      
 292   3      }
 293   2      
 294   2      else if(ab==0)
 295   2      {
 296   3      
 297   3      ab0=0;
 298   3      ab1=0;
 299   3      ab2=0;
 300   3      ab3=0;
 301   3      
 302   3      }                                                                 ///arm base 
 303   2      
C51 COMPILER V9.03   HEAD                                                                  05/10/2013 13:13:52 PAGE 6   

 304   2      
 305   2      
 306   2      
 307   2      }////end of while                                 
 308   1      
 309   1                        
 310   1       
 311   1      }


MODULE INFORMATION:   STATIC OVERLAYABLE
   CODE SIZE        =    442    ----
   CONSTANT SIZE    =   ----    ----
   XDATA SIZE       =   ----    ----
   PDATA SIZE       =   ----    ----
   DATA SIZE        =   ----    ----
   IDATA SIZE       =   ----    ----
   BIT SIZE         =   ----    ----
END OF MODULE INFORMATION.


C51 COMPILATION COMPLETE.  0 WARNING(S),  0 ERROR(S)
