C51 COMPILER V9.03   MORORRUN                                                              02/09/2013 13:24:15 PAGE 1   


C51 COMPILER V9.03, COMPILATION OF MODULE MORORRUN
OBJECT MODULE PLACED IN mororrun.OBJ
COMPILER INVOKED BY: C:\Keil\C51\BIN\C51.EXE mororrun.c BROWSE DEBUG OBJECTEXTEND

line level    source

   1          #include<regx51.h>
   2           sbit swit=P3^0;
   3          void delayms(unsigned int i)
   4          {
   5   1       int c=0;
   6   1       while(c<i)
   7   1       {
   8   2        TMOD=0x01;
   9   2        TH0=0xFC;
  10   2        TL0=0x66;
  11   2        TR0=1;
  12   2        while(!TF0);
  13   2        TR0=0;
  14   2        TL0=0;
  15   2        c++;
  16   2       }
  17   1      
  18   1      }
  19          
  20          
  21          void main()
  22          {
  23   1      P1=0x00;
  24   1      
  25   1              swit=1;
  26   1               
  27   1              while(1)
  28   1              {
  29   2                 if(swit==1)
  30   2                 {
  31   3                          P1=0x0c;
  32   3                          delayms(2000);
  33   3                          P1=0x06;
  34   3                      delayms(2000);
  35   3                      
  36   3                          P1=0x03;
  37   3                              delayms(2000);
  38   3                                      
  39   3                          P1=0x09;
  40   3                          delayms(2000);
  41   3                      }
  42   2                      else if(swit==0)
  43   2                      {
  44   3                                 P1=0x09;
  45   3                                  delayms(2000);
  46   3                                  P1=0x03;
  47   3                              delayms(2000);
  48   3                              
  49   3                                  P1=0x06;
  50   3                                      delayms(2000);
  51   3                                              
  52   3                                  P1=0x0C;
  53   3                                  delayms(2000);
  54   3                      }
  55   2        }
C51 COMPILER V9.03   MORORRUN                                                              02/09/2013 13:24:15 PAGE 2   

  56   1      }


MODULE INFORMATION:   STATIC OVERLAYABLE
   CODE SIZE        =    102    ----
   CONSTANT SIZE    =   ----    ----
   XDATA SIZE       =   ----    ----
   PDATA SIZE       =   ----    ----
   DATA SIZE        =   ----    ----
   IDATA SIZE       =   ----    ----
   BIT SIZE         =   ----    ----
END OF MODULE INFORMATION.


C51 COMPILATION COMPLETE.  0 WARNING(S),  0 ERROR(S)
